exports[`ConsoleRenderer renders correctly 1`] = `
"Backing up undefined
 [32m‚úî[39m Completed action
 [33m‚†ô[39m Pending action
 [33m‚ùØ[39m Pending action with sub-actions
   [31m‚úñ[39m Failed sub-action
       Something went wrong
   [32m‚úî[39m Completed sub-action 3
   [33m‚Üì[39m Skipped sub-action [2m[skipped][22m
   [32m‚úî[39m Completed sub-action 4
   [32m‚úî[39m Completed sub-action 5
   [32m‚úî[39m Completed sub-action 6
   [32m‚úî[39m Completed sub-action 7
   [33m‚†ô[39m Pending sub-action
     Waiting sub-action 1
     Waiting sub-action 2
     Waiting sub-action 3
     Waiting sub-action 4
     Waiting sub-action 5
 [31m‚úñ[39m Failed action
     Something went wrong
 [33m‚Üì[39m Skipped action [2m[skipped][22m
   Waiting action
 ‚ú® Done in 1m 23s"
`;
